

Version:	3.50
CmdLine:	C:\Users\Genzyy\OneDrive\Documents\NetBeansProjects\LaundryPro\dist\LaundryPro.exe --l4j-debug
JNI:		No
WOW64:		Yes
Requires JDK:	No
Requires 64-Bit: No
Java min ver:	1.021.000_008
Java max ver:	
Substitute:	JAVA_HOME = C:\Program Files\Java\jdk-17.0.5
Substitute:	PATH = C:\Users\Genzyy\AppData\Local\Programs\Python\Python313\Scripts\;C:\Users\Genzyy\AppData\Local\Programs\Python\Python313\;C:\Program Files\Common Files\Oracle\Java\javapath;C:\WINDOWS\system32;C:\WINDOWS;C:\WINDOWS\System32\Wbem;C:\WINDOWS\System32\WindowsPowerShell\v1.0\;C:\WINDOWS\System32\OpenSSH\;C:\laragon\bin\php\php-8.1.10-Win32-vs16-x64;C:\ProgramData\ComposerSetup\bin;%JAVA_HOME%\bin;C:\xampp\mysql\bin;C:\ProgramData\chocolatey\bin;C:\Program Files\nodejs\;C:\Program Files\Git\cmd;C:\Program Files\NetBeans-25\netbeans\java\maven\bin;C:\Users\Genzyy\AppData\Local\Programs\Microsoft VS Code\bin;C:\Users\Genzyy\AppData\Local\Microsoft\WindowsApps;C:\Users\Genzyy\AppData\Roaming\Composer\vendor\bin;C:\Users\Genzyy\AppData\Roaming\npm;C:\Program Files\Java\jdk-17.0.5\bin
JRE paths:	C:\Program Files\Java\jdk-17.0.5;C:\Users\Genzyy\AppData\Local\Programs\Python\Python313\Scripts\;C:\Users\Genzyy\AppData\Local\Programs\Python\Python313\;C:\Program Files\Common Files\Oracle\Java\javapath;C:\WINDOWS\system32;C:\WINDOWS;C:\WINDOWS\System32\Wbem;C:\WINDOWS\System32\WindowsPowerShell\v1.0\;C:\WINDOWS\System32\OpenSSH\;C:\laragon\bin\php\php-8.1.10-Win32-vs16-x64;C:\ProgramData\ComposerSetup\bin;%JAVA_HOME%\bin;C:\xampp\mysql\bin;C:\ProgramData\chocolatey\bin;C:\Program Files\nodejs\;C:\Program Files\Git\cmd;C:\Program Files\NetBeans-25\netbeans\java\maven\bin;C:\Users\Genzyy\AppData\Local\Programs\Microsoft VS Code\bin;C:\Users\Genzyy\AppData\Local\Microsoft\WindowsApps;C:\Users\Genzyy\AppData\Roaming\Composer\vendor\bin;C:\Users\Genzyy\AppData\Roaming\npm;C:\Program Files\Java\jdk-17.0.5\bin
Check launcher:	C:\Program Files\Java\jdk-17.0.5\bin\javaw.exe (OK)
Version string: 1.017.000_005 / 64-Bit (Ignore)
Check launcher:	C:\Users\Genzyy\AppData\Local\Programs\Python\Python313\Scripts\bin\javaw.exe (not found)
Check launcher:	C:\Users\Genzyy\AppData\Local\Programs\Python\Python313\bin\javaw.exe (not found)
Check launcher:	C:\Program Files\Common Files\Oracle\Java\javapath\bin\javaw.exe (not found)
Check launcher:	C:\WINDOWS\system32\bin\javaw.exe (not found)
Check launcher:	C:\WINDOWS\bin\javaw.exe (not found)
Check launcher:	C:\WINDOWS\System32\Wbem\bin\javaw.exe (not found)
Check launcher:	C:\WINDOWS\System32\WindowsPowerShell\v1.0\bin\javaw.exe (not found)
Check launcher:	C:\WINDOWS\System32\OpenSSH\bin\javaw.exe (not found)
Check launcher:	C:\laragon\bin\php\php-8.1.10-Win32-vs16-x64\bin\javaw.exe (not found)
Check launcher:	C:\ProgramData\ComposerSetup\bin\javaw.exe (not found)
Check launcher:	C:\Users\Genzyy\OneDrive\Documents\NetBeansProjects\LaundryPro\dist\%JAVA_HOME%\bin\javaw.exe (not found)
Check launcher:	C:\xampp\mysql\bin\javaw.exe (not found)
Check launcher:	C:\ProgramData\chocolatey\bin\javaw.exe (not found)
Check launcher:	C:\Program Files\nodejs\bin\javaw.exe (not found)
Check launcher:	C:\Program Files\Git\cmd\bin\javaw.exe (not found)
Check launcher:	C:\Program Files\NetBeans-25\netbeans\java\maven\bin\javaw.exe (not found)
Check launcher:	C:\Users\Genzyy\AppData\Local\Programs\Microsoft VS Code\bin\javaw.exe (not found)
Check launcher:	C:\Users\Genzyy\AppData\Local\Microsoft\WindowsApps\bin\javaw.exe (not found)
Check launcher:	C:\Users\Genzyy\AppData\Roaming\Composer\vendor\bin\javaw.exe (not found)
Check launcher:	C:\Users\Genzyy\AppData\Roaming\npm\bin\javaw.exe (not found)
Check launcher:	C:\Program Files\Java\jdk-17.0.5\bin\javaw.exe (OK)
Version string: 1.017.000_005 / 64-Bit (Ignore)
64-bit search:	SOFTWARE\JavaSoft\Java Runtime Environment...
32-bit search:	SOFTWARE\JavaSoft\Java Runtime Environment...
64-bit search:	SOFTWARE\JavaSoft\Java Development Kit...
32-bit search:	SOFTWARE\JavaSoft\Java Development Kit...
64-bit search:	SOFTWARE\JavaSoft\JRE...
32-bit search:	SOFTWARE\JavaSoft\JRE...
64-bit search:	SOFTWARE\JavaSoft\JDK...
Check:		SOFTWARE\JavaSoft\JDK\17.0.5
Version string: 1.017.000_005 / 64-Bit (Ignore)
Ignore:		1.017.000_005
Check:		SOFTWARE\JavaSoft\JDK\21.0.8
Version string: 1.021.000_008 / 64-Bit (OK)
Check launcher:	C:\Program Files\Java\jdk-21\bin\javaw.exe (OK)
Match:		1.021.000_008
Runtime used:	1.021.000_008 (64-bit)
Launcher:	C:\Program Files\Java\jdk-21\bin\javaw.exe
Launcher args:	-jar "C:\Users\Genzyy\OneDrive\Documents\NetBeansProjects\LaundryPro\dist\LaundryPro.exe"
Args length:	89/32768 chars
Exit code:	0


Version:	3.50
CmdLine:	C:\Users\Genzyy\OneDrive\Documents\NetBeansProjects\LaundryPro\dist\LaundryPro.exe --l4j-debug
JNI:		No
WOW64:		Yes
Requires JDK:	No
Requires 64-Bit: No
Java min ver:	1.021.000_008
Java max ver:	
Substitute:	JAVA_HOME = C:\Program Files\Java\jdk-17.0.5
Substitute:	PATH = C:\Users\Genzyy\AppData\Local\Programs\Python\Python313\Scripts\;C:\Users\Genzyy\AppData\Local\Programs\Python\Python313\;C:\Program Files\Common Files\Oracle\Java\javapath;C:\WINDOWS\system32;C:\WINDOWS;C:\WINDOWS\System32\Wbem;C:\WINDOWS\System32\WindowsPowerShell\v1.0\;C:\WINDOWS\System32\OpenSSH\;C:\laragon\bin\php\php-8.1.10-Win32-vs16-x64;C:\ProgramData\ComposerSetup\bin;%JAVA_HOME%\bin;C:\xampp\mysql\bin;C:\ProgramData\chocolatey\bin;C:\Program Files\nodejs\;C:\Program Files\Git\cmd;C:\Program Files\NetBeans-25\netbeans\java\maven\bin;C:\Users\Genzyy\AppData\Local\Programs\Microsoft VS Code\bin;C:\Users\Genzyy\AppData\Local\Microsoft\WindowsApps;C:\Users\Genzyy\AppData\Roaming\Composer\vendor\bin;C:\Users\Genzyy\AppData\Roaming\npm;C:\Program Files\Java\jdk-17.0.5\bin
JRE paths:	C:\Program Files\Java\jdk-17.0.5;C:\Users\Genzyy\AppData\Local\Programs\Python\Python313\Scripts\;C:\Users\Genzyy\AppData\Local\Programs\Python\Python313\;C:\Program Files\Common Files\Oracle\Java\javapath;C:\WINDOWS\system32;C:\WINDOWS;C:\WINDOWS\System32\Wbem;C:\WINDOWS\System32\WindowsPowerShell\v1.0\;C:\WINDOWS\System32\OpenSSH\;C:\laragon\bin\php\php-8.1.10-Win32-vs16-x64;C:\ProgramData\ComposerSetup\bin;%JAVA_HOME%\bin;C:\xampp\mysql\bin;C:\ProgramData\chocolatey\bin;C:\Program Files\nodejs\;C:\Program Files\Git\cmd;C:\Program Files\NetBeans-25\netbeans\java\maven\bin;C:\Users\Genzyy\AppData\Local\Programs\Microsoft VS Code\bin;C:\Users\Genzyy\AppData\Local\Microsoft\WindowsApps;C:\Users\Genzyy\AppData\Roaming\Composer\vendor\bin;C:\Users\Genzyy\AppData\Roaming\npm;C:\Program Files\Java\jdk-17.0.5\bin
Check launcher:	C:\Program Files\Java\jdk-17.0.5\bin\javaw.exe (OK)
Version string: 1.017.000_005 / 64-Bit (Ignore)
Check launcher:	C:\Users\Genzyy\AppData\Local\Programs\Python\Python313\Scripts\bin\javaw.exe (not found)
Check launcher:	C:\Users\Genzyy\AppData\Local\Programs\Python\Python313\bin\javaw.exe (not found)
Check launcher:	C:\Program Files\Common Files\Oracle\Java\javapath\bin\javaw.exe (not found)
Check launcher:	C:\WINDOWS\system32\bin\javaw.exe (not found)
Check launcher:	C:\WINDOWS\bin\javaw.exe (not found)
Check launcher:	C:\WINDOWS\System32\Wbem\bin\javaw.exe (not found)
Check launcher:	C:\WINDOWS\System32\WindowsPowerShell\v1.0\bin\javaw.exe (not found)
Check launcher:	C:\WINDOWS\System32\OpenSSH\bin\javaw.exe (not found)
Check launcher:	C:\laragon\bin\php\php-8.1.10-Win32-vs16-x64\bin\javaw.exe (not found)
Check launcher:	C:\ProgramData\ComposerSetup\bin\javaw.exe (not found)
Check launcher:	C:\Users\Genzyy\OneDrive\Documents\NetBeansProjects\LaundryPro\dist\%JAVA_HOME%\bin\javaw.exe (not found)
Check launcher:	C:\xampp\mysql\bin\javaw.exe (not found)
Check launcher:	C:\ProgramData\chocolatey\bin\javaw.exe (not found)
Check launcher:	C:\Program Files\nodejs\bin\javaw.exe (not found)
Check launcher:	C:\Program Files\Git\cmd\bin\javaw.exe (not found)
Check launcher:	C:\Program Files\NetBeans-25\netbeans\java\maven\bin\javaw.exe (not found)
Check launcher:	C:\Users\Genzyy\AppData\Local\Programs\Microsoft VS Code\bin\javaw.exe (not found)
Check launcher:	C:\Users\Genzyy\AppData\Local\Microsoft\WindowsApps\bin\javaw.exe (not found)
Check launcher:	C:\Users\Genzyy\AppData\Roaming\Composer\vendor\bin\javaw.exe (not found)
Check launcher:	C:\Users\Genzyy\AppData\Roaming\npm\bin\javaw.exe (not found)
Check launcher:	C:\Program Files\Java\jdk-17.0.5\bin\javaw.exe (OK)
Version string: 1.017.000_005 / 64-Bit (Ignore)
64-bit search:	SOFTWARE\JavaSoft\Java Runtime Environment...
32-bit search:	SOFTWARE\JavaSoft\Java Runtime Environment...
64-bit search:	SOFTWARE\JavaSoft\Java Development Kit...
32-bit search:	SOFTWARE\JavaSoft\Java Development Kit...
64-bit search:	SOFTWARE\JavaSoft\JRE...
32-bit search:	SOFTWARE\JavaSoft\JRE...
64-bit search:	SOFTWARE\JavaSoft\JDK...
Check:		SOFTWARE\JavaSoft\JDK\17.0.5
Version string: 1.017.000_005 / 64-Bit (Ignore)
Ignore:		1.017.000_005
Check:		SOFTWARE\JavaSoft\JDK\21.0.8
Version string: 1.021.000_008 / 64-Bit (OK)
Check launcher:	C:\Program Files\Java\jdk-21\bin\javaw.exe (OK)
Match:		1.021.000_008
Runtime used:	1.021.000_008 (64-bit)
Launcher:	C:\Program Files\Java\jdk-21\bin\javaw.exe
Launcher args:	-jar "C:\Users\Genzyy\OneDrive\Documents\NetBeansProjects\LaundryPro\dist\LaundryPro.exe"
Args length:	89/32768 chars
Exit code:	0
